------------------------------------------------------------
Timing Analyzer Summary
------------------------------------------------------------

Type  : Slow 1200mV 85C Model Setup 'clk_i'
Slack : -3.077
TNS   : -26.488

Type  : Slow 1200mV 85C Model Setup 'clk_div:DIV|clk_sig'
Slack : -1.174
TNS   : -9.971

Type  : Slow 1200mV 85C Model Hold 'clk_div:DIV|clk_sig'
Slack : 0.331
TNS   : 0.000

Type  : Slow 1200mV 85C Model Hold 'clk_i'
Slack : 0.547
TNS   : 0.000

Type  : Slow 1200mV 85C Model Minimum Pulse Width 'clk_i'
Slack : -3.000
TNS   : -27.440

Type  : Slow 1200mV 85C Model Minimum Pulse Width 'clk_div:DIV|clk_sig'
Slack : -1.222
TNS   : -18.330

Type  : Slow 1200mV 0C Model Setup 'clk_i'
Slack : -2.735
TNS   : -22.273

Type  : Slow 1200mV 0C Model Setup 'clk_div:DIV|clk_sig'
Slack : -1.001
TNS   : -8.016

Type  : Slow 1200mV 0C Model Hold 'clk_div:DIV|clk_sig'
Slack : 0.300
TNS   : 0.000

Type  : Slow 1200mV 0C Model Hold 'clk_i'
Slack : 0.505
TNS   : 0.000

Type  : Slow 1200mV 0C Model Minimum Pulse Width 'clk_i'
Slack : -3.000
TNS   : -27.440

Type  : Slow 1200mV 0C Model Minimum Pulse Width 'clk_div:DIV|clk_sig'
Slack : -1.222
TNS   : -18.330

Type  : Fast 1200mV 0C Model Setup 'clk_i'
Slack : -1.022
TNS   : -3.871

Type  : Fast 1200mV 0C Model Setup 'clk_div:DIV|clk_sig'
Slack : -0.023
TNS   : -0.046

Type  : Fast 1200mV 0C Model Hold 'clk_div:DIV|clk_sig'
Slack : 0.152
TNS   : 0.000

Type  : Fast 1200mV 0C Model Hold 'clk_i'
Slack : 0.247
TNS   : 0.000

Type  : Fast 1200mV 0C Model Minimum Pulse Width 'clk_i'
Slack : -3.000
TNS   : -23.630

Type  : Fast 1200mV 0C Model Minimum Pulse Width 'clk_div:DIV|clk_sig'
Slack : -1.000
TNS   : -15.000

------------------------------------------------------------
